Archive member included to satisfy reference by file (symbol)

d:/program files (x86)/atmel/studio/7.0/toolchain/arm/arm-gnu-toolchain/bin/../lib/gcc/arm-none-eabi/6.2.1/../../../../arm-none-eabi/lib/thumb/v7-m\libc.a(lib_a-exit.o)
                              d:/program files (x86)/atmel/studio/7.0/toolchain/arm/arm-gnu-toolchain/bin/../lib/gcc/arm-none-eabi/6.2.1/../../../../arm-none-eabi/lib/thumb/v7-m/crt0.o (exit)
d:/program files (x86)/atmel/studio/7.0/toolchain/arm/arm-gnu-toolchain/bin/../lib/gcc/arm-none-eabi/6.2.1/../../../../arm-none-eabi/lib/thumb/v7-m\libc.a(lib_a-impure.o)
                              d:/program files (x86)/atmel/studio/7.0/toolchain/arm/arm-gnu-toolchain/bin/../lib/gcc/arm-none-eabi/6.2.1/../../../../arm-none-eabi/lib/thumb/v7-m\libc.a(lib_a-exit.o) (_global_impure_ptr)
d:/program files (x86)/atmel/studio/7.0/toolchain/arm/arm-gnu-toolchain/bin/../lib/gcc/arm-none-eabi/6.2.1/../../../../arm-none-eabi/lib/thumb/v7-m\libc.a(lib_a-init.o)
                              d:/program files (x86)/atmel/studio/7.0/toolchain/arm/arm-gnu-toolchain/bin/../lib/gcc/arm-none-eabi/6.2.1/../../../../arm-none-eabi/lib/thumb/v7-m/crt0.o (__libc_init_array)
d:/program files (x86)/atmel/studio/7.0/toolchain/arm/arm-gnu-toolchain/bin/../lib/gcc/arm-none-eabi/6.2.1/../../../../arm-none-eabi/lib/thumb/v7-m\libc.a(lib_a-memset.o)
                              d:/program files (x86)/atmel/studio/7.0/toolchain/arm/arm-gnu-toolchain/bin/../lib/gcc/arm-none-eabi/6.2.1/../../../../arm-none-eabi/lib/thumb/v7-m/crt0.o (memset)
d:/program files (x86)/atmel/studio/7.0/toolchain/arm/arm-gnu-toolchain/bin/../lib/gcc/arm-none-eabi/6.2.1/../../../../arm-none-eabi/lib/thumb/v7-m\libc.a(lib_a-__call_atexit.o)
                              d:/program files (x86)/atmel/studio/7.0/toolchain/arm/arm-gnu-toolchain/bin/../lib/gcc/arm-none-eabi/6.2.1/../../../../arm-none-eabi/lib/thumb/v7-m\libc.a(lib_a-exit.o) (__call_exitprocs)
d:/program files (x86)/atmel/studio/7.0/toolchain/arm/arm-gnu-toolchain/bin/../lib/gcc/arm-none-eabi/6.2.1/../../../../arm-none-eabi/lib/thumb/v7-m\libc.a(lib_a-atexit.o)
                              d:/program files (x86)/atmel/studio/7.0/toolchain/arm/arm-gnu-toolchain/bin/../lib/gcc/arm-none-eabi/6.2.1/../../../../arm-none-eabi/lib/thumb/v7-m\libc.a(lib_a-__call_atexit.o) (atexit)
d:/program files (x86)/atmel/studio/7.0/toolchain/arm/arm-gnu-toolchain/bin/../lib/gcc/arm-none-eabi/6.2.1/../../../../arm-none-eabi/lib/thumb/v7-m\libc.a(lib_a-fini.o)
                              d:/program files (x86)/atmel/studio/7.0/toolchain/arm/arm-gnu-toolchain/bin/../lib/gcc/arm-none-eabi/6.2.1/../../../../arm-none-eabi/lib/thumb/v7-m\libc.a(lib_a-__call_atexit.o) (__libc_fini_array)
d:/program files (x86)/atmel/studio/7.0/toolchain/arm/arm-gnu-toolchain/bin/../lib/gcc/arm-none-eabi/6.2.1/../../../../arm-none-eabi/lib/thumb/v7-m\libc.a(lib_a-__atexit.o)
                              d:/program files (x86)/atmel/studio/7.0/toolchain/arm/arm-gnu-toolchain/bin/../lib/gcc/arm-none-eabi/6.2.1/../../../../arm-none-eabi/lib/thumb/v7-m\libc.a(lib_a-atexit.o) (__register_exitproc)

Discarded input sections

 .text          0x00000000        0x0 d:/program files (x86)/atmel/studio/7.0/toolchain/arm/arm-gnu-toolchain/bin/../lib/gcc/arm-none-eabi/6.2.1/thumb/v7-m/crti.o
 .data          0x00000000        0x0 d:/program files (x86)/atmel/studio/7.0/toolchain/arm/arm-gnu-toolchain/bin/../lib/gcc/arm-none-eabi/6.2.1/thumb/v7-m/crti.o
 .bss           0x00000000        0x0 d:/program files (x86)/atmel/studio/7.0/toolchain/arm/arm-gnu-toolchain/bin/../lib/gcc/arm-none-eabi/6.2.1/thumb/v7-m/crti.o
 .data          0x00000000        0x4 d:/program files (x86)/atmel/studio/7.0/toolchain/arm/arm-gnu-toolchain/bin/../lib/gcc/arm-none-eabi/6.2.1/thumb/v7-m/crtbegin.o
 .text          0x00000000       0x74 d:/program files (x86)/atmel/studio/7.0/toolchain/arm/arm-gnu-toolchain/bin/../lib/gcc/arm-none-eabi/6.2.1/../../../../arm-none-eabi/lib/thumb/v7-m/crt0.o
 .data          0x00000000        0x0 d:/program files (x86)/atmel/studio/7.0/toolchain/arm/arm-gnu-toolchain/bin/../lib/gcc/arm-none-eabi/6.2.1/../../../../arm-none-eabi/lib/thumb/v7-m/crt0.o
 .bss           0x00000000        0x0 d:/program files (x86)/atmel/studio/7.0/toolchain/arm/arm-gnu-toolchain/bin/../lib/gcc/arm-none-eabi/6.2.1/../../../../arm-none-eabi/lib/thumb/v7-m/crt0.o
 .ARM.extab     0x00000000        0x0 d:/program files (x86)/atmel/studio/7.0/toolchain/arm/arm-gnu-toolchain/bin/../lib/gcc/arm-none-eabi/6.2.1/../../../../arm-none-eabi/lib/thumb/v7-m/crt0.o
 .ARM.exidx     0x00000000        0x8 d:/program files (x86)/atmel/studio/7.0/toolchain/arm/arm-gnu-toolchain/bin/../lib/gcc/arm-none-eabi/6.2.1/../../../../arm-none-eabi/lib/thumb/v7-m/crt0.o
 .ARM.attributes
                0x00000000       0x1b d:/program files (x86)/atmel/studio/7.0/toolchain/arm/arm-gnu-toolchain/bin/../lib/gcc/arm-none-eabi/6.2.1/../../../../arm-none-eabi/lib/thumb/v7-m/crt0.o
 .group         0x00000000        0x8 Device_Startup/startup_sam3xa.o
 .group         0x00000000        0x8 Device_Startup/startup_sam3xa.o
 .group         0x00000000        0x8 Device_Startup/startup_sam3xa.o
 .group         0x00000000        0x8 Device_Startup/startup_sam3xa.o
 .group         0x00000000        0x8 Device_Startup/startup_sam3xa.o
 .group         0x00000000        0x8 Device_Startup/startup_sam3xa.o
 .group         0x00000000        0x8 Device_Startup/startup_sam3xa.o
 .group         0x00000000        0x8 Device_Startup/startup_sam3xa.o
 .group         0x00000000        0x8 Device_Startup/startup_sam3xa.o
 .group         0x00000000        0x8 Device_Startup/startup_sam3xa.o
 .group         0x00000000        0x8 Device_Startup/startup_sam3xa.o
 .group         0x00000000        0x8 Device_Startup/startup_sam3xa.o
 .group         0x00000000        0x8 Device_Startup/startup_sam3xa.o
 .group         0x00000000        0x8 Device_Startup/startup_sam3xa.o
 .group         0x00000000        0x8 Device_Startup/startup_sam3xa.o
 .group         0x00000000        0x8 Device_Startup/startup_sam3xa.o
 .group         0x00000000        0x8 Device_Startup/startup_sam3xa.o
 .group         0x00000000        0x8 Device_Startup/startup_sam3xa.o
 .group         0x00000000        0x8 Device_Startup/startup_sam3xa.o
 .group         0x00000000        0x8 Device_Startup/startup_sam3xa.o
 .group         0x00000000        0x8 Device_Startup/startup_sam3xa.o
 .group         0x00000000        0x8 Device_Startup/startup_sam3xa.o
 .group         0x00000000        0x8 Device_Startup/startup_sam3xa.o
 .group         0x00000000        0x8 Device_Startup/startup_sam3xa.o
 .group         0x00000000        0x8 Device_Startup/startup_sam3xa.o
 .group         0x00000000        0x8 Device_Startup/startup_sam3xa.o
 .group         0x00000000        0x8 Device_Startup/startup_sam3xa.o
 .group         0x00000000        0x8 Device_Startup/startup_sam3xa.o
 .group         0x00000000        0x8 Device_Startup/startup_sam3xa.o
 .group         0x00000000        0x8 Device_Startup/startup_sam3xa.o
 .group         0x00000000        0x8 Device_Startup/startup_sam3xa.o
 .group         0x00000000        0x8 Device_Startup/startup_sam3xa.o
 .group         0x00000000        0x8 Device_Startup/startup_sam3xa.o
 .group         0x00000000        0x8 Device_Startup/startup_sam3xa.o
 .group         0x00000000        0x8 Device_Startup/startup_sam3xa.o
 .group         0x00000000        0x8 Device_Startup/startup_sam3xa.o
 .group         0x00000000        0x8 Device_Startup/startup_sam3xa.o
 .group         0x00000000        0x8 Device_Startup/startup_sam3xa.o
 .group         0x00000000        0x8 Device_Startup/startup_sam3xa.o
 .group         0x00000000        0x8 Device_Startup/startup_sam3xa.o
 .group         0x00000000        0x8 Device_Startup/startup_sam3xa.o
 .group         0x00000000        0x8 Device_Startup/startup_sam3xa.o
 .group         0x00000000        0x8 Device_Startup/startup_sam3xa.o
 .group         0x00000000        0x8 Device_Startup/startup_sam3xa.o
 .group         0x00000000        0x8 Device_Startup/startup_sam3xa.o
 .group         0x00000000        0x8 Device_Startup/startup_sam3xa.o
 .group         0x00000000        0x8 Device_Startup/startup_sam3xa.o
 .group         0x00000000        0x8 Device_Startup/startup_sam3xa.o
 .group         0x00000000        0x8 Device_Startup/startup_sam3xa.o
 .group         0x00000000        0x8 Device_Startup/startup_sam3xa.o
 .group         0x00000000        0x8 Device_Startup/startup_sam3xa.o
 .group         0x00000000        0x8 Device_Startup/startup_sam3xa.o
 .group         0x00000000        0x8 Device_Startup/startup_sam3xa.o
 .group         0x00000000        0x8 Device_Startup/startup_sam3xa.o
 .group         0x00000000        0x8 Device_Startup/startup_sam3xa.o
 .group         0x00000000        0x8 Device_Startup/startup_sam3xa.o
 .group         0x00000000        0x8 Device_Startup/startup_sam3xa.o
 .group         0x00000000        0x8 Device_Startup/startup_sam3xa.o
 .group         0x00000000        0x8 Device_Startup/startup_sam3xa.o
 .group         0x00000000        0x8 Device_Startup/startup_sam3xa.o
 .group         0x00000000        0x8 Device_Startup/startup_sam3xa.o
 .group         0x00000000        0x8 Device_Startup/startup_sam3xa.o
 .group         0x00000000        0x8 Device_Startup/startup_sam3xa.o
 .group         0x00000000        0x8 Device_Startup/startup_sam3xa.o
 .group         0x00000000        0x8 Device_Startup/startup_sam3xa.o
 .group         0x00000000        0x8 Device_Startup/startup_sam3xa.o
 .group         0x00000000        0x8 Device_Startup/startup_sam3xa.o
 .group         0x00000000        0x8 Device_Startup/startup_sam3xa.o
 .group         0x00000000        0x8 Device_Startup/startup_sam3xa.o
 .group         0x00000000        0x8 Device_Startup/startup_sam3xa.o
 .group         0x00000000        0x8 Device_Startup/startup_sam3xa.o
 .group         0x00000000        0x8 Device_Startup/startup_sam3xa.o
 .group         0x00000000        0x8 Device_Startup/startup_sam3xa.o
 .group         0x00000000        0x8 Device_Startup/startup_sam3xa.o
 .group         0x00000000        0x8 Device_Startup/startup_sam3xa.o
 .group         0x00000000        0x8 Device_Startup/startup_sam3xa.o
 .group         0x00000000        0x8 Device_Startup/startup_sam3xa.o
 .group         0x00000000        0x8 Device_Startup/startup_sam3xa.o
 .group         0x00000000        0x8 Device_Startup/startup_sam3xa.o
 .group         0x00000000        0x8 Device_Startup/startup_sam3xa.o
 .text          0x00000000        0x0 Device_Startup/startup_sam3xa.o
 .data          0x00000000        0x0 Device_Startup/startup_sam3xa.o
 .bss           0x00000000        0x0 Device_Startup/startup_sam3xa.o
 .group         0x00000000        0x8 Device_Startup/system_sam3xa.o
 .group         0x00000000        0x8 Device_Startup/system_sam3xa.o
 .group         0x00000000        0x8 Device_Startup/system_sam3xa.o
 .group         0x00000000        0x8 Device_Startup/system_sam3xa.o
 .group         0x00000000        0x8 Device_Startup/system_sam3xa.o
 .group         0x00000000        0x8 Device_Startup/system_sam3xa.o
 .group         0x00000000        0x8 Device_Startup/system_sam3xa.o
 .group         0x00000000        0x8 Device_Startup/system_sam3xa.o
 .group         0x00000000        0x8 Device_Startup/system_sam3xa.o
 .group         0x00000000        0x8 Device_Startup/system_sam3xa.o
 .group         0x00000000        0x8 Device_Startup/system_sam3xa.o
 .group         0x00000000        0x8 Device_Startup/system_sam3xa.o
 .group         0x00000000        0x8 Device_Startup/system_sam3xa.o
 .group         0x00000000        0x8 Device_Startup/system_sam3xa.o
 .group         0x00000000        0x8 Device_Startup/system_sam3xa.o
 .group         0x00000000        0x8 Device_Startup/system_sam3xa.o
 .group         0x00000000        0x8 Device_Startup/system_sam3xa.o
 .group         0x00000000        0x8 Device_Startup/system_sam3xa.o
 .group         0x00000000        0x8 Device_Startup/system_sam3xa.o
 .group         0x00000000        0x8 Device_Startup/system_sam3xa.o
 .group         0x00000000        0x8 Device_Startup/system_sam3xa.o
 .group         0x00000000        0x8 Device_Startup/system_sam3xa.o
 .group         0x00000000        0x8 Device_Startup/system_sam3xa.o
 .group         0x00000000        0x8 Device_Startup/system_sam3xa.o
 .group         0x00000000        0x8 Device_Startup/system_sam3xa.o
 .group         0x00000000        0x8 Device_Startup/system_sam3xa.o
 .group         0x00000000        0x8 Device_Startup/system_sam3xa.o
 .group         0x00000000        0x8 Device_Startup/system_sam3xa.o
 .group         0x00000000        0x8 Device_Startup/system_sam3xa.o
 .group         0x00000000        0x8 Device_Startup/system_sam3xa.o
 .group         0x00000000        0x8 Device_Startup/system_sam3xa.o
 .group         0x00000000        0x8 Device_Startup/system_sam3xa.o
 .group         0x00000000        0x8 Device_Startup/system_sam3xa.o
 .group         0x00000000        0x8 Device_Startup/system_sam3xa.o
 .group         0x00000000        0x8 Device_Startup/system_sam3xa.o
 .group         0x00000000        0x8 Device_Startup/system_sam3xa.o
 .group         0x00000000        0x8 Device_Startup/system_sam3xa.o
 .group         0x00000000        0x8 Device_Startup/system_sam3xa.o
 .group         0x00000000        0x8 Device_Startup/system_sam3xa.o
 .group         0x00000000        0x8 Device_Startup/system_sam3xa.o
 .group         0x00000000        0x8 Device_Startup/system_sam3xa.o
 .group         0x00000000        0x8 Device_Startup/system_sam3xa.o
 .group         0x00000000        0x8 Device_Startup/system_sam3xa.o
 .group         0x00000000        0x8 Device_Startup/system_sam3xa.o
 .group         0x00000000        0x8 Device_Startup/system_sam3xa.o
 .group         0x00000000        0x8 Device_Startup/system_sam3xa.o
 .group         0x00000000        0x8 Device_Startup/system_sam3xa.o
 .group         0x00000000        0x8 Device_Startup/system_sam3xa.o
 .group         0x00000000        0x8 Device_Startup/system_sam3xa.o
 .group         0x00000000        0x8 Device_Startup/system_sam3xa.o
 .group         0x00000000        0x8 Device_Startup/system_sam3xa.o
 .group         0x00000000        0x8 Device_Startup/system_sam3xa.o
 .group         0x00000000        0x8 Device_Startup/system_sam3xa.o
 .group         0x00000000        0x8 Device_Startup/system_sam3xa.o
 .group         0x00000000        0x8 Device_Startup/system_sam3xa.o
 .group         0x00000000        0x8 Device_Startup/system_sam3xa.o
 .group         0x00000000        0x8 Device_Startup/system_sam3xa.o
 .group         0x00000000        0x8 Device_Startup/system_sam3xa.o
 .group         0x00000000        0x8 Device_Startup/system_sam3xa.o
 .group         0x00000000        0x8 Device_Startup/system_sam3xa.o
 .group         0x00000000        0x8 Device_Startup/system_sam3xa.o
 .group         0x00000000        0x8 Device_Startup/system_sam3xa.o
 .group         0x00000000        0x8 Device_Startup/system_sam3xa.o
 .group         0x00000000        0x8 Device_Startup/system_sam3xa.o
 .group         0x00000000        0x8 Device_Startup/system_sam3xa.o
 .group         0x00000000        0x8 Device_Startup/system_sam3xa.o
 .group         0x00000000        0x8 Device_Startup/system_sam3xa.o
 .group         0x00000000        0x8 Device_Startup/system_sam3xa.o
 .group         0x00000000        0x8 Device_Startup/system_sam3xa.o
 .group         0x00000000        0x8 Device_Startup/system_sam3xa.o
 .group         0x00000000        0x8 Device_Startup/system_sam3xa.o
 .group         0x00000000        0x8 Device_Startup/system_sam3xa.o
 .group         0x00000000        0x8 Device_Startup/system_sam3xa.o
 .group         0x00000000        0x8 Device_Startup/system_sam3xa.o
 .group         0x00000000        0x8 Device_Startup/system_sam3xa.o
 .group         0x00000000        0x8 Device_Startup/system_sam3xa.o
 .group         0x00000000        0x8 Device_Startup/system_sam3xa.o
 .group         0x00000000        0x8 Device_Startup/system_sam3xa.o
 .group         0x00000000        0x8 Device_Startup/system_sam3xa.o
 .group         0x00000000        0x8 Device_Startup/system_sam3xa.o
 .text          0x00000000        0x0 Device_Startup/system_sam3xa.o
 .bss           0x00000000        0x0 Device_Startup/system_sam3xa.o
 .text.SystemCoreClockUpdate
                0x00000000      0x118 Device_Startup/system_sam3xa.o
 .text.system_init_flash
                0x00000000       0x70 Device_Startup/system_sam3xa.o
 .debug_macro   0x00000000      0x8aa Device_Startup/system_sam3xa.o
 .debug_macro   0x00000000       0x22 Device_Startup/system_sam3xa.o
 .debug_macro   0x00000000       0x87 Device_Startup/system_sam3xa.o
 .debug_macro   0x00000000       0x51 Device_Startup/system_sam3xa.o
 .debug_macro   0x00000000       0xef Device_Startup/system_sam3xa.o
 .debug_macro   0x00000000       0x6a Device_Startup/system_sam3xa.o
 .debug_macro   0x00000000      0x1df Device_Startup/system_sam3xa.o
 .debug_macro   0x00000000       0x20 Device_Startup/system_sam3xa.o
 .debug_macro   0x00000000       0x3a Device_Startup/system_sam3xa.o
 .debug_macro   0x00000000       0x2d Device_Startup/system_sam3xa.o
 .debug_macro   0x00000000      0xbb1 Device_Startup/system_sam3xa.o
 .debug_macro   0x00000000      0xa7d Device_Startup/system_sam3xa.o
 .debug_macro   0x00000000      0x55a Device_Startup/system_sam3xa.o
 .debug_macro   0x00000000      0x1a8 Device_Startup/system_sam3xa.o
 .debug_macro   0x00000000      0x30b Device_Startup/system_sam3xa.o
 .debug_macro   0x00000000      0x709 Device_Startup/system_sam3xa.o
 .debug_macro   0x00000000       0xd6 Device_Startup/system_sam3xa.o
 .debug_macro   0x00000000      0x56c Device_Startup/system_sam3xa.o
 .debug_macro   0x00000000       0x1c Device_Startup/system_sam3xa.o
 .debug_macro   0x00000000      0x678 Device_Startup/system_sam3xa.o
 .debug_macro   0x00000000      0x51e Device_Startup/system_sam3xa.o
 .debug_macro   0x00000000       0xbe Device_Startup/system_sam3xa.o
 .debug_macro   0x00000000     0x2333 Device_Startup/system_sam3xa.o
 .debug_macro   0x00000000      0x7d1 Device_Startup/system_sam3xa.o
 .debug_macro   0x00000000      0xdbb Device_Startup/system_sam3xa.o
 .debug_macro   0x00000000       0x9a Device_Startup/system_sam3xa.o
 .debug_macro   0x00000000      0x29c Device_Startup/system_sam3xa.o
 .debug_macro   0x00000000       0x58 Device_Startup/system_sam3xa.o
 .debug_macro   0x00000000      0x999 Device_Startup/system_sam3xa.o
 .debug_macro   0x00000000      0x22d Device_Startup/system_sam3xa.o
 .debug_macro   0x00000000      0x4b4 Device_Startup/system_sam3xa.o
 .debug_macro   0x00000000      0x64a Device_Startup/system_sam3xa.o
 .debug_macro   0x00000000      0x590 Device_Startup/system_sam3xa.o
 .debug_macro   0x00000000       0x46 Device_Startup/system_sam3xa.o
 .debug_macro   0x00000000      0x33f Device_Startup/system_sam3xa.o
 .debug_macro   0x00000000      0x27e Device_Startup/system_sam3xa.o
 .debug_macro   0x00000000     0x14dc Device_Startup/system_sam3xa.o
 .debug_macro   0x00000000      0x7cf Device_Startup/system_sam3xa.o
 .debug_macro   0x00000000       0x76 Device_Startup/system_sam3xa.o
 .debug_macro   0x00000000       0x82 Device_Startup/system_sam3xa.o
 .debug_macro   0x00000000       0x76 Device_Startup/system_sam3xa.o
 .debug_macro   0x00000000       0x4c Device_Startup/system_sam3xa.o
 .debug_macro   0x00000000      0x100 Device_Startup/system_sam3xa.o
 .debug_macro   0x00000000      0x100 Device_Startup/system_sam3xa.o
 .debug_macro   0x00000000      0x100 Device_Startup/system_sam3xa.o
 .debug_macro   0x00000000       0x88 Device_Startup/system_sam3xa.o
 .debug_macro   0x00000000       0x88 Device_Startup/system_sam3xa.o
 .debug_macro   0x00000000      0x3b4 Device_Startup/system_sam3xa.o
 .debug_macro   0x00000000       0xbe Device_Startup/system_sam3xa.o
 .debug_macro   0x00000000       0xbe Device_Startup/system_sam3xa.o
 .debug_macro   0x00000000       0xbe Device_Startup/system_sam3xa.o
 .debug_macro   0x00000000       0xbe Device_Startup/system_sam3xa.o
 .debug_macro   0x00000000      0x2b8 Device_Startup/system_sam3xa.o
 .debug_macro   0x00000000      0x118 Device_Startup/system_sam3xa.o
 .debug_macro   0x00000000      0x216 Device_Startup/system_sam3xa.o
 .debug_macro   0x00000000      0x216 Device_Startup/system_sam3xa.o
 .debug_macro   0x00000000       0x2e Device_Startup/system_sam3xa.o
 .debug_macro   0x00000000       0xac Device_Startup/system_sam3xa.o
 .debug_macro   0x00000000      0x13e Device_Startup/system_sam3xa.o
 .debug_macro   0x00000000       0x7c Device_Startup/system_sam3xa.o
 .debug_macro   0x00000000      0x1f6 Device_Startup/system_sam3xa.o
 .debug_macro   0x00000000       0x64 Device_Startup/system_sam3xa.o
 .debug_macro   0x00000000       0xa6 Device_Startup/system_sam3xa.o
 .debug_macro   0x00000000       0x7c Device_Startup/system_sam3xa.o
 .debug_macro   0x00000000       0x16 Device_Startup/system_sam3xa.o
 .debug_macro   0x00000000       0x22 Device_Startup/system_sam3xa.o
 .debug_macro   0x00000000       0x22 Device_Startup/system_sam3xa.o
 .debug_macro   0x00000000      0x10c Device_Startup/system_sam3xa.o
 .debug_macro   0x00000000      0x10c Device_Startup/system_sam3xa.o
 .debug_macro   0x00000000      0x10c Device_Startup/system_sam3xa.o
 .debug_macro   0x00000000      0x10c Device_Startup/system_sam3xa.o
 .debug_macro   0x00000000       0x1c Device_Startup/system_sam3xa.o
 .debug_macro   0x00000000       0x2e Device_Startup/system_sam3xa.o
 .debug_macro   0x00000000       0x22 Device_Startup/system_sam3xa.o
 .debug_macro   0x00000000       0x1c Device_Startup/system_sam3xa.o
 .debug_macro   0x00000000       0x58 Device_Startup/system_sam3xa.o
 .debug_macro   0x00000000       0x10 Device_Startup/system_sam3xa.o
 .debug_macro   0x00000000      0x27a Device_Startup/system_sam3xa.o
 .debug_macro   0x00000000      0xd34 Device_Startup/system_sam3xa.o
 .debug_macro   0x00000000      0x170 Device_Startup/system_sam3xa.o
 .group         0x00000000        0x8 main.o
 .group         0x00000000        0x8 main.o
 .group         0x00000000        0x8 main.o
 .group         0x00000000        0x8 main.o
 .group         0x00000000        0x8 main.o
 .group         0x00000000        0x8 main.o
 .group         0x00000000        0x8 main.o
 .group         0x00000000        0x8 main.o
 .group         0x00000000        0x8 main.o
 .group         0x00000000        0x8 main.o
 .group         0x00000000        0x8 main.o
 .group         0x00000000        0x8 main.o
 .group         0x00000000        0x8 main.o
 .group         0x00000000        0x8 main.o
 .group         0x00000000        0x8 main.o
 .group         0x00000000        0x8 main.o
 .group         0x00000000        0x8 main.o
 .group         0x00000000        0x8 main.o
 .group         0x00000000        0x8 main.o
 .group         0x00000000        0x8 main.o
 .group         0x00000000        0x8 main.o
 .group         0x00000000        0x8 main.o
 .group         0x00000000        0x8 main.o
 .group         0x00000000        0x8 main.o
 .group         0x00000000        0x8 main.o
 .group         0x00000000        0x8 main.o
 .group         0x00000000        0x8 main.o
 .group         0x00000000        0x8 main.o
 .group         0x00000000        0x8 main.o
 .group         0x00000000        0x8 main.o
 .group         0x00000000        0x8 main.o
 .group         0x00000000        0x8 main.o
 .group         0x00000000        0x8 main.o
 .group         0x00000000        0x8 main.o
 .group         0x00000000        0x8 main.o
 .group         0x00000000        0x8 main.o
 .group         0x00000000        0x8 main.o
 .group         0x00000000        0x8 main.o
 .group         0x00000000        0x8 main.o
 .group         0x00000000        0x8 main.o
 .group         0x00000000        0x8 main.o
 .group         0x00000000        0x8 main.o
 .group         0x00000000        0x8 main.o
 .group         0x00000000        0x8 main.o
 .group         0x00000000        0x8 main.o
 .group         0x00000000        0x8 main.o
 .group         0x00000000        0x8 main.o
 .group         0x00000000        0x8 main.o
 .group         0x00000000        0x8 main.o
 .group         0x00000000        0x8 main.o
 .group         0x00000000        0x8 main.o
 .group         0x00000000        0x8 main.o
 .group         0x00000000        0x8 main.o
 .group         0x00000000        0x8 main.o
 .group         0x00000000        0x8 main.o
 .group         0x00000000        0x8 main.o
 .group         0x00000000        0x8 main.o
 .group         0x00000000        0x8 main.o
 .group         0x00000000        0x8 main.o
 .group         0x00000000        0x8 main.o
 .group         0x00000000        0x8 main.o
 .group         0x00000000        0x8 main.o
 .group         0x00000000        0x8 main.o
 .group         0x00000000        0x8 main.o
 .group         0x00000000        0x8 main.o
 .group         0x00000000        0x8 main.o
 .group         0x00000000        0x8 main.o
 .group         0x00000000        0x8 main.o
 .group         0x00000000        0x8 main.o
 .group         0x00000000        0x8 main.o
 .group         0x00000000        0x8 main.o
 .group         0x00000000        0x8 main.o
 .group         0x00000000        0x8 main.o
 .group         0x00000000        0x8 main.o
 .group         0x00000000        0x8 main.o
 .group         0x00000000        0x8 main.o
 .group         0x00000000        0x8 main.o
 .group         0x00000000        0x8 main.o
 .group         0x00000000        0x8 main.o
 .group         0x00000000        0x8 main.o
 .group         0x00000000        0x8 main.o
 .text          0x00000000        0x0 main.o
 .data          0x00000000        0x0 main.o
 .bss           0x00000000        0x0 main.o
 .text.configure_wdt
                0x00000000        0xc main.o
 .text._Delay   0x00000000        0xe main.o
 .debug_macro   0x00000000      0x8aa main.o
 .debug_macro   0x00000000       0x22 main.o
 .debug_macro   0x00000000       0x87 main.o
 .debug_macro   0x00000000       0x51 main.o
 .debug_macro   0x00000000       0xef main.o
 .debug_macro   0x00000000       0x6a main.o
 .debug_macro   0x00000000      0x1df main.o
 .debug_macro   0x00000000       0x20 main.o
 .debug_macro   0x00000000       0x3a main.o
 .debug_macro   0x00000000       0x2d main.o
 .debug_macro   0x00000000      0xbb1 main.o
 .debug_macro   0x00000000      0xa7d main.o
 .debug_macro   0x00000000      0x55a main.o
 .debug_macro   0x00000000      0x1a8 main.o
 .debug_macro   0x00000000      0x30b main.o
 .debug_macro   0x00000000      0x709 main.o
 .debug_macro   0x00000000       0xd6 main.o
 .debug_macro   0x00000000      0x56c main.o
 .debug_macro   0x00000000       0x1c main.o
 .debug_macro   0x00000000      0x678 main.o
 .debug_macro   0x00000000      0x51e main.o
 .debug_macro   0x00000000       0xbe main.o
 .debug_macro   0x00000000     0x2333 main.o
 .debug_macro   0x00000000      0x7d1 main.o
 .debug_macro   0x00000000      0xdbb main.o
 .debug_macro   0x00000000       0x9a main.o
 .debug_macro   0x00000000      0x29c main.o
 .debug_macro   0x00000000       0x58 main.o
 .debug_macro   0x00000000      0x999 main.o
 .debug_macro   0x00000000      0x22d main.o
 .debug_macro   0x00000000      0x4b4 main.o
 .debug_macro   0x00000000      0x64a main.o
 .debug_macro   0x00000000      0x590 main.o
 .debug_macro   0x00000000       0x46 main.o
 .debug_macro   0x00000000      0x33f main.o
 .debug_macro   0x00000000      0x27e main.o
 .debug_macro   0x00000000     0x14dc main.o
 .debug_macro   0x00000000      0x7cf main.o
 .debug_macro   0x00000000       0x76 main.o
 .debug_macro   0x00000000       0x82 main.o
 .debug_macro   0x00000000       0x76 main.o
 .debug_macro   0x00000000       0x4c main.o
 .debug_macro   0x00000000      0x100 main.o
 .debug_macro   0x00000000      0x100 main.o
 .debug_macro   0x00000000      0x100 main.o
 .debug_macro   0x00000000       0x88 main.o
 .debug_macro   0x00000000       0x88 main.o
 .debug_macro   0x00000000      0x3b4 main.o
 .debug_macro   0x00000000       0xbe main.o
 .debug_macro   0x00000000       0xbe main.o
 .debug_macro   0x00000000       0xbe main.o
 .debug_macro   0x00000000       0xbe main.o
 .debug_macro   0x00000000      0x2b8 main.o
 .debug_macro   0x00000000      0x118 main.o
 .debug_macro   0x00000000      0x216 main.o
 .debug_macro   0x00000000      0x216 main.o
 .debug_macro   0x00000000       0x2e main.o
 .debug_macro   0x00000000       0xac main.o
 .debug_macro   0x00000000      0x13e main.o
 .debug_macro   0x00000000       0x7c main.o
 .debug_macro   0x00000000      0x1f6 main.o
 .debug_macro   0x00000000       0x64 main.o
 .debug_macro   0x00000000       0xa6 main.o
 .debug_macro   0x00000000       0x7c main.o
 .debug_macro   0x00000000       0x16 main.o
 .debug_macro   0x00000000       0x22 main.o
 .debug_macro   0x00000000       0x22 main.o
 .debug_macro   0x00000000      0x10c main.o
 .debug_macro   0x00000000      0x10c main.o
 .debug_macro   0x00000000      0x10c main.o
 .debug_macro   0x00000000      0x10c main.o
 .debug_macro   0x00000000       0x1c main.o
 .debug_macro   0x00000000       0x2e main.o
 .debug_macro   0x00000000       0x22 main.o
 .debug_macro   0x00000000       0x1c main.o
 .debug_macro   0x00000000       0x58 main.o
 .debug_macro   0x00000000       0x10 main.o
 .debug_macro   0x00000000      0x27a main.o
 .debug_macro   0x00000000      0xd34 main.o
 .debug_macro   0x00000000      0x170 main.o
 .group         0x00000000        0x8 uart0.o
 .group         0x00000000        0x8 uart0.o
 .group         0x00000000        0x8 uart0.o
 .group         0x00000000        0x8 uart0.o
 .group         0x00000000        0x8 uart0.o
 .group         0x00000000        0x8 uart0.o
 .group         0x00000000        0x8 uart0.o
 .group         0x00000000        0x8 uart0.o
 .group         0x00000000        0x8 uart0.o
 .group         0x00000000        0x8 uart0.o
 .group         0x00000000        0x8 uart0.o
 .group         0x00000000        0x8 uart0.o
 .group         0x00000000        0x8 uart0.o
 .group         0x00000000        0x8 uart0.o
 .group         0x00000000        0x8 uart0.o
 .group         0x00000000        0x8 uart0.o
 .group         0x00000000        0x8 uart0.o
 .group         0x00000000        0x8 uart0.o
 .group         0x00000000        0x8 uart0.o
 .group         0x00000000        0x8 uart0.o
 .group         0x00000000        0x8 uart0.o
 .group         0x00000000        0x8 uart0.o
 .group         0x00000000        0x8 uart0.o
 .group         0x00000000        0x8 uart0.o
 .group         0x00000000        0x8 uart0.o
 .group         0x00000000        0x8 uart0.o
 .group         0x00000000        0x8 uart0.o
 .group         0x00000000        0x8 uart0.o
 .group         0x00000000        0x8 uart0.o
 .group         0x00000000        0x8 uart0.o
 .group         0x00000000        0x8 uart0.o
 .group         0x00000000        0x8 uart0.o
 .group         0x00000000        0x8 uart0.o
 .group         0x00000000        0x8 uart0.o
 .group         0x00000000        0x8 uart0.o
 .group         0x00000000        0x8 uart0.o
 .group         0x00000000        0x8 uart0.o
 .group         0x00000000        0x8 uart0.o
 .group         0x00000000        0x8 uart0.o
 .group         0x00000000        0x8 uart0.o
 .group         0x00000000        0x8 uart0.o
 .group         0x00000000        0x8 uart0.o
 .group         0x00000000        0x8 uart0.o
 .group         0x00000000        0x8 uart0.o
 .group         0x00000000        0x8 uart0.o
 .group         0x00000000        0x8 uart0.o
 .group         0x00000000        0x8 uart0.o
 .group         0x00000000        0x8 uart0.o
 .group         0x00000000        0x8 uart0.o
 .group         0x00000000        0x8 uart0.o
 .group         0x00000000        0x8 uart0.o
 .group         0x00000000        0x8 uart0.o
 .group         0x00000000        0x8 uart0.o
 .group         0x00000000        0x8 uart0.o
 .group         0x00000000        0x8 uart0.o
 .group         0x00000000        0x8 uart0.o
 .group         0x00000000        0x8 uart0.o
 .group         0x00000000        0x8 uart0.o
 .group         0x00000000        0x8 uart0.o
 .group         0x00000000        0x8 uart0.o
 .group         0x00000000        0x8 uart0.o
 .group         0x00000000        0x8 uart0.o
 .group         0x00000000        0x8 uart0.o
 .group         0x00000000        0x8 uart0.o
 .group         0x00000000        0x8 uart0.o
 .group         0x00000000        0x8 uart0.o
 .group         0x00000000        0x8 uart0.o
 .group         0x00000000        0x8 uart0.o
 .group         0x00000000        0x8 uart0.o
 .group         0x00000000        0x8 uart0.o
 .group         0x00000000        0x8 uart0.o
 .group         0x00000000        0x8 uart0.o
 .group         0x00000000        0x8 uart0.o
 .group         0x00000000        0x8 uart0.o
 .group         0x00000000        0x8 uart0.o
 .group         0x00000000        0x8 uart0.o
 .group         0x00000000        0x8 uart0.o
 .group         0x00000000        0x8 uart0.o
 .group         0x00000000        0x8 uart0.o
 .group         0x00000000        0x8 uart0.o
 .group         0x00000000        0x8 uart0.o
 .text          0x00000000        0x0 uart0.o
 .data          0x00000000        0x0 uart0.o
 .bss           0x00000000        0x0 uart0.o
 .text.uart0_putc
                0x00000000       0x10 uart0.o
 .debug_macro   0x00000000      0x8aa uart0.o
 .debug_macro   0x00000000       0x22 uart0.o
 .debug_macro   0x00000000       0x87 uart0.o
 .debug_macro   0x00000000       0x51 uart0.o
 .debug_macro   0x00000000       0xef uart0.o
 .debug_macro   0x00000000       0x6a uart0.o
 .debug_macro   0x00000000      0x1df uart0.o
 .debug_macro   0x00000000       0x20 uart0.o
 .debug_macro   0x00000000       0x3a uart0.o
 .debug_macro   0x00000000       0x2d uart0.o
 .debug_macro   0x00000000      0xbb1 uart0.o
 .debug_macro   0x00000000      0xa7d uart0.o
 .debug_macro   0x00000000      0x55a uart0.o
 .debug_macro   0x00000000      0x1a8 uart0.o
 .debug_macro   0x00000000      0x30b uart0.o
 .debug_macro   0x00000000      0x709 uart0.o
 .debug_macro   0x00000000       0xd6 uart0.o
 .debug_macro   0x00000000      0x56c uart0.o
 .debug_macro   0x00000000       0x1c uart0.o
 .debug_macro   0x00000000      0x678 uart0.o
 .debug_macro   0x00000000      0x51e uart0.o
 .debug_macro   0x00000000       0xbe uart0.o
 .debug_macro   0x00000000     0x2333 uart0.o
 .debug_macro   0x00000000      0x7d1 uart0.o
 .debug_macro   0x00000000      0xdbb uart0.o
 .debug_macro   0x00000000       0x9a uart0.o
 .debug_macro   0x00000000      0x29c uart0.o
 .debug_macro   0x00000000       0x58 uart0.o
 .debug_macro   0x00000000      0x999 uart0.o
 .debug_macro   0x00000000      0x22d uart0.o
 .debug_macro   0x00000000      0x4b4 uart0.o
 .debug_macro   0x00000000      0x64a uart0.o
 .debug_macro   0x00000000      0x590 uart0.o
 .debug_macro   0x00000000       0x46 uart0.o
 .debug_macro   0x00000000      0x33f uart0.o
 .debug_macro   0x00000000      0x27e uart0.o
 .debug_macro   0x00000000     0x14dc uart0.o
 .debug_macro   0x00000000      0x7cf uart0.o
 .debug_macro   0x00000000       0x76 uart0.o
 .debug_macro   0x00000000       0x82 uart0.o
 .debug_macro   0x00000000       0x76 uart0.o
 .debug_macro   0x00000000       0x4c uart0.o
 .debug_macro   0x00000000      0x100 uart0.o
 .debug_macro   0x00000000      0x100 uart0.o
 .debug_macro   0x00000000      0x100 uart0.o
 .debug_macro   0x00000000       0x88 uart0.o
 .debug_macro   0x00000000       0x88 uart0.o
 .debug_macro   0x00000000      0x3b4 uart0.o
 .debug_macro   0x00000000       0xbe uart0.o
 .debug_macro   0x00000000       0xbe uart0.o
 .debug_macro   0x00000000       0xbe uart0.o
 .debug_macro   0x00000000       0xbe uart0.o
 .debug_macro   0x00000000      0x2b8 uart0.o
 .debug_macro   0x00000000      0x118 uart0.o
 .debug_macro   0x00000000      0x216 uart0.o
 .debug_macro   0x00000000      0x216 uart0.o
 .debug_macro   0x00000000       0x2e uart0.o
 .debug_macro   0x00000000       0xac uart0.o
 .debug_macro   0x00000000      0x13e uart0.o
 .debug_macro   0x00000000       0x7c uart0.o
 .debug_macro   0x00000000      0x1f6 uart0.o
 .debug_macro   0x00000000       0x64 uart0.o
 .debug_macro   0x00000000       0xa6 uart0.o
 .debug_macro   0x00000000       0x7c uart0.o
 .debug_macro   0x00000000       0x16 uart0.o
 .debug_macro   0x00000000       0x22 uart0.o
 .debug_macro   0x00000000       0x22 uart0.o
 .debug_macro   0x00000000      0x10c uart0.o
 .debug_macro   0x00000000      0x10c uart0.o
 .debug_macro   0x00000000      0x10c uart0.o
 .debug_macro   0x00000000      0x10c uart0.o
 .debug_macro   0x00000000       0x1c uart0.o
 .debug_macro   0x00000000       0x2e uart0.o
 .debug_macro   0x00000000       0x22 uart0.o
 .debug_macro   0x00000000       0x1c uart0.o
 .debug_macro   0x00000000       0x58 uart0.o
 .debug_macro   0x00000000       0x10 uart0.o
 .debug_macro   0x00000000      0x27a uart0.o
 .debug_macro   0x00000000      0xd34 uart0.o
 .debug_macro   0x00000000      0x170 uart0.o
 .debug_macro   0x00000000       0x22 uart0.o
 .text          0x00000000        0x0 d:/program files (x86)/atmel/studio/7.0/toolchain/arm/arm-gnu-toolchain/bin/../lib/gcc/arm-none-eabi/6.2.1/../../../../arm-none-eabi/lib/thumb/v7-m\libc.a(lib_a-exit.o)
 .data          0x00000000        0x0 d:/program files (x86)/atmel/studio/7.0/toolchain/arm/arm-gnu-toolchain/bin/../lib/gcc/arm-none-eabi/6.2.1/../../../../arm-none-eabi/lib/thumb/v7-m\libc.a(lib_a-exit.o)
 .bss           0x00000000        0x0 d:/program files (x86)/atmel/studio/7.0/toolchain/arm/arm-gnu-toolchain/bin/../lib/gcc/arm-none-eabi/6.2.1/../../../../arm-none-eabi/lib/thumb/v7-m\libc.a(lib_a-exit.o)
 .text.exit     0x00000000       0x20 d:/program files (x86)/atmel/studio/7.0/toolchain/arm/arm-gnu-toolchain/bin/../lib/gcc/arm-none-eabi/6.2.1/../../../../arm-none-eabi/lib/thumb/v7-m\libc.a(lib_a-exit.o)
 .debug_frame   0x00000000       0x28 d:/program files (x86)/atmel/studio/7.0/toolchain/arm/arm-gnu-toolchain/bin/../lib/gcc/arm-none-eabi/6.2.1/../../../../arm-none-eabi/lib/thumb/v7-m\libc.a(lib_a-exit.o)
 .ARM.attributes
                0x00000000       0x2d d:/program files (x86)/atmel/studio/7.0/toolchain/arm/arm-gnu-toolchain/bin/../lib/gcc/arm-none-eabi/6.2.1/../../../../arm-none-eabi/lib/thumb/v7-m\libc.a(lib_a-exit.o)
 .text          0x00000000        0x0 d:/program files (x86)/atmel/studio/7.0/toolchain/arm/arm-gnu-toolchain/bin/../lib/gcc/arm-none-eabi/6.2.1/../../../../arm-none-eabi/lib/thumb/v7-m\libc.a(lib_a-impure.o)
 .data          0x00000000        0x0 d:/program files (x86)/atmel/studio/7.0/toolchain/arm/arm-gnu-toolchain/bin/../lib/gcc/arm-none-eabi/6.2.1/../../../../arm-none-eabi/lib/thumb/v7-m\libc.a(lib_a-impure.o)
 .bss           0x00000000        0x0 d:/program files (x86)/atmel/studio/7.0/toolchain/arm/arm-gnu-toolchain/bin/../lib/gcc/arm-none-eabi/6.2.1/../../../../arm-none-eabi/lib/thumb/v7-m\libc.a(lib_a-impure.o)
 .data._impure_ptr
                0x00000000        0x4 d:/program files (x86)/atmel/studio/7.0/toolchain/arm/arm-gnu-toolchain/bin/../lib/gcc/arm-none-eabi/6.2.1/../../../../arm-none-eabi/lib/thumb/v7-m\libc.a(lib_a-impure.o)
 .text          0x00000000        0x0 d:/program files (x86)/atmel/studio/7.0/toolchain/arm/arm-gnu-toolchain/bin/../lib/gcc/arm-none-eabi/6.2.1/../../../../arm-none-eabi/lib/thumb/v7-m\libc.a(lib_a-init.o)
 .data          0x00000000        0x0 d:/program files (x86)/atmel/studio/7.0/toolchain/arm/arm-gnu-toolchain/bin/../lib/gcc/arm-none-eabi/6.2.1/../../../../arm-none-eabi/lib/thumb/v7-m\libc.a(lib_a-init.o)
 .bss           0x00000000        0x0 d:/program files (x86)/atmel/studio/7.0/toolchain/arm/arm-gnu-toolchain/bin/../lib/gcc/arm-none-eabi/6.2.1/../../../../arm-none-eabi/lib/thumb/v7-m\libc.a(lib_a-init.o)
 .text          0x00000000        0x0 d:/program files (x86)/atmel/studio/7.0/toolchain/arm/arm-gnu-toolchain/bin/../lib/gcc/arm-none-eabi/6.2.1/../../../../arm-none-eabi/lib/thumb/v7-m\libc.a(lib_a-memset.o)
 .data          0x00000000        0x0 d:/program files (x86)/atmel/studio/7.0/toolchain/arm/arm-gnu-toolchain/bin/../lib/gcc/arm-none-eabi/6.2.1/../../../../arm-none-eabi/lib/thumb/v7-m\libc.a(lib_a-memset.o)
 .bss           0x00000000        0x0 d:/program files (x86)/atmel/studio/7.0/toolchain/arm/arm-gnu-toolchain/bin/../lib/gcc/arm-none-eabi/6.2.1/../../../../arm-none-eabi/lib/thumb/v7-m\libc.a(lib_a-memset.o)
 .text.memset   0x00000000       0x9c d:/program files (x86)/atmel/studio/7.0/toolchain/arm/arm-gnu-toolchain/bin/../lib/gcc/arm-none-eabi/6.2.1/../../../../arm-none-eabi/lib/thumb/v7-m\libc.a(lib_a-memset.o)
 .debug_frame   0x00000000       0x34 d:/program files (x86)/atmel/studio/7.0/toolchain/arm/arm-gnu-toolchain/bin/../lib/gcc/arm-none-eabi/6.2.1/../../../../arm-none-eabi/lib/thumb/v7-m\libc.a(lib_a-memset.o)
 .ARM.attributes
                0x00000000       0x2d d:/program files (x86)/atmel/studio/7.0/toolchain/arm/arm-gnu-toolchain/bin/../lib/gcc/arm-none-eabi/6.2.1/../../../../arm-none-eabi/lib/thumb/v7-m\libc.a(lib_a-memset.o)
 .text          0x00000000        0x0 d:/program files (x86)/atmel/studio/7.0/toolchain/arm/arm-gnu-toolchain/bin/../lib/gcc/arm-none-eabi/6.2.1/../../../../arm-none-eabi/lib/thumb/v7-m\libc.a(lib_a-__call_atexit.o)
 .data          0x00000000        0x0 d:/program files (x86)/atmel/studio/7.0/toolchain/arm/arm-gnu-toolchain/bin/../lib/gcc/arm-none-eabi/6.2.1/../../../../arm-none-eabi/lib/thumb/v7-m\libc.a(lib_a-__call_atexit.o)
 .bss           0x00000000        0x0 d:/program files (x86)/atmel/studio/7.0/toolchain/arm/arm-gnu-toolchain/bin/../lib/gcc/arm-none-eabi/6.2.1/../../../../arm-none-eabi/lib/thumb/v7-m\libc.a(lib_a-__call_atexit.o)
 .text.__call_exitprocs
                0x00000000       0xd4 d:/program files (x86)/atmel/studio/7.0/toolchain/arm/arm-gnu-toolchain/bin/../lib/gcc/arm-none-eabi/6.2.1/../../../../arm-none-eabi/lib/thumb/v7-m\libc.a(lib_a-__call_atexit.o)
 .text          0x00000000        0x0 d:/program files (x86)/atmel/studio/7.0/toolchain/arm/arm-gnu-toolchain/bin/../lib/gcc/arm-none-eabi/6.2.1/../../../../arm-none-eabi/lib/thumb/v7-m\libc.a(lib_a-atexit.o)
 .data          0x00000000        0x0 d:/program files (x86)/atmel/studio/7.0/toolchain/arm/arm-gnu-toolchain/bin/../lib/gcc/arm-none-eabi/6.2.1/../../../../arm-none-eabi/lib/thumb/v7-m\libc.a(lib_a-atexit.o)
 .bss           0x00000000        0x0 d:/program files (x86)/atmel/studio/7.0/toolchain/arm/arm-gnu-toolchain/bin/../lib/gcc/arm-none-eabi/6.2.1/../../../../arm-none-eabi/lib/thumb/v7-m\libc.a(lib_a-atexit.o)
 .text          0x00000000        0x0 d:/program files (x86)/atmel/studio/7.0/toolchain/arm/arm-gnu-toolchain/bin/../lib/gcc/arm-none-eabi/6.2.1/../../../../arm-none-eabi/lib/thumb/v7-m\libc.a(lib_a-fini.o)
 .data          0x00000000        0x0 d:/program files (x86)/atmel/studio/7.0/toolchain/arm/arm-gnu-toolchain/bin/../lib/gcc/arm-none-eabi/6.2.1/../../../../arm-none-eabi/lib/thumb/v7-m\libc.a(lib_a-fini.o)
 .bss           0x00000000        0x0 d:/program files (x86)/atmel/studio/7.0/toolchain/arm/arm-gnu-toolchain/bin/../lib/gcc/arm-none-eabi/6.2.1/../../../../arm-none-eabi/lib/thumb/v7-m\libc.a(lib_a-fini.o)
 .text          0x00000000        0x0 d:/program files (x86)/atmel/studio/7.0/toolchain/arm/arm-gnu-toolchain/bin/../lib/gcc/arm-none-eabi/6.2.1/../../../../arm-none-eabi/lib/thumb/v7-m\libc.a(lib_a-__atexit.o)
 .data          0x00000000        0x0 d:/program files (x86)/atmel/studio/7.0/toolchain/arm/arm-gnu-toolchain/bin/../lib/gcc/arm-none-eabi/6.2.1/../../../../arm-none-eabi/lib/thumb/v7-m\libc.a(lib_a-__atexit.o)
 .bss           0x00000000        0x0 d:/program files (x86)/atmel/studio/7.0/toolchain/arm/arm-gnu-toolchain/bin/../lib/gcc/arm-none-eabi/6.2.1/../../../../arm-none-eabi/lib/thumb/v7-m\libc.a(lib_a-__atexit.o)
 .text          0x00000000        0x0 d:/program files (x86)/atmel/studio/7.0/toolchain/arm/arm-gnu-toolchain/bin/../lib/gcc/arm-none-eabi/6.2.1/thumb/v7-m/crtend.o
 .data          0x00000000        0x0 d:/program files (x86)/atmel/studio/7.0/toolchain/arm/arm-gnu-toolchain/bin/../lib/gcc/arm-none-eabi/6.2.1/thumb/v7-m/crtend.o
 .bss           0x00000000        0x0 d:/program files (x86)/atmel/studio/7.0/toolchain/arm/arm-gnu-toolchain/bin/../lib/gcc/arm-none-eabi/6.2.1/thumb/v7-m/crtend.o
 .eh_frame      0x00000000        0x4 d:/program files (x86)/atmel/studio/7.0/toolchain/arm/arm-gnu-toolchain/bin/../lib/gcc/arm-none-eabi/6.2.1/thumb/v7-m/crtend.o
 .jcr           0x00000000        0x4 d:/program files (x86)/atmel/studio/7.0/toolchain/arm/arm-gnu-toolchain/bin/../lib/gcc/arm-none-eabi/6.2.1/thumb/v7-m/crtend.o
 .ARM.attributes
                0x00000000       0x2d d:/program files (x86)/atmel/studio/7.0/toolchain/arm/arm-gnu-toolchain/bin/../lib/gcc/arm-none-eabi/6.2.1/thumb/v7-m/crtend.o
 .text          0x00000000        0x0 d:/program files (x86)/atmel/studio/7.0/toolchain/arm/arm-gnu-toolchain/bin/../lib/gcc/arm-none-eabi/6.2.1/thumb/v7-m/crtn.o
 .data          0x00000000        0x0 d:/program files (x86)/atmel/studio/7.0/toolchain/arm/arm-gnu-toolchain/bin/../lib/gcc/arm-none-eabi/6.2.1/thumb/v7-m/crtn.o
 .bss           0x00000000        0x0 d:/program files (x86)/atmel/studio/7.0/toolchain/arm/arm-gnu-toolchain/bin/../lib/gcc/arm-none-eabi/6.2.1/thumb/v7-m/crtn.o

Memory Configuration

Name             Origin             Length             Attributes
rom              0x00080000         0x00080000         xr
ram              0x20000000         0x00018000         xrw
*default*        0x00000000         0xffffffff

Linker script and memory map

LOAD d:/program files (x86)/atmel/studio/7.0/toolchain/arm/arm-gnu-toolchain/bin/../lib/gcc/arm-none-eabi/6.2.1/thumb/v7-m/crti.o
LOAD d:/program files (x86)/atmel/studio/7.0/toolchain/arm/arm-gnu-toolchain/bin/../lib/gcc/arm-none-eabi/6.2.1/thumb/v7-m/crtbegin.o
LOAD d:/program files (x86)/atmel/studio/7.0/toolchain/arm/arm-gnu-toolchain/bin/../lib/gcc/arm-none-eabi/6.2.1/../../../../arm-none-eabi/lib/thumb/v7-m/crt0.o
LOAD Device_Startup/startup_sam3xa.o
LOAD Device_Startup/system_sam3xa.o
LOAD main.o
LOAD uart0.o
START GROUP
LOAD d:/program files (x86)/atmel/studio/7.0/toolchain/arm/arm-gnu-toolchain/bin/../lib/gcc/arm-none-eabi/6.2.1/../../../../arm-none-eabi/lib/thumb/v7-m\libm.a
END GROUP
START GROUP
LOAD d:/program files (x86)/atmel/studio/7.0/toolchain/arm/arm-gnu-toolchain/bin/../lib/gcc/arm-none-eabi/6.2.1/thumb/v7-m\libgcc.a
LOAD d:/program files (x86)/atmel/studio/7.0/toolchain/arm/arm-gnu-toolchain/bin/../lib/gcc/arm-none-eabi/6.2.1/../../../../arm-none-eabi/lib/thumb/v7-m\libc.a
END GROUP
LOAD d:/program files (x86)/atmel/studio/7.0/toolchain/arm/arm-gnu-toolchain/bin/../lib/gcc/arm-none-eabi/6.2.1/thumb/v7-m/crtend.o
LOAD d:/program files (x86)/atmel/studio/7.0/toolchain/arm/arm-gnu-toolchain/bin/../lib/gcc/arm-none-eabi/6.2.1/thumb/v7-m/crtn.o
                0x00000400                STACK_SIZE = DEFINED (STACK_SIZE)?STACK_SIZE:0x400
                0x00000200                HEAP_SIZE = DEFINED (HEAP_SIZE)?HEAP_SIZE:0x200

.text           0x00080000      0x4b0
                0x00080000                . = ALIGN (0x4)
                0x00080000                _sfixed = .
 *(.vectors .vectors.*)
 .vectors       0x00080000       0xf4 Device_Startup/startup_sam3xa.o
                0x00080000                exception_table
 *(.text .text.* .gnu.linkonce.t.*)
 .text          0x000800f4       0x6c d:/program files (x86)/atmel/studio/7.0/toolchain/arm/arm-gnu-toolchain/bin/../lib/gcc/arm-none-eabi/6.2.1/thumb/v7-m/crtbegin.o
 .text.Dummy_Handler
                0x00080160        0x2 Device_Startup/startup_sam3xa.o
                0x00080160                DACC_Handler
                0x00080160                DebugMon_Handler
                0x00080160                DMAC_Handler
                0x00080160                TRNG_Handler
                0x00080160                HardFault_Handler
                0x00080160                TC2_Handler
                0x00080160                SysTick_Handler
                0x00080160                USART3_Handler
                0x00080160                TWI1_Handler
                0x00080160                PendSV_Handler
                0x00080160                NMI_Handler
                0x00080160                TC7_Handler
                0x00080160                ADC_Handler
                0x00080160                SMC_Handler
                0x00080160                USART0_Handler
                0x00080160                RTT_Handler
                0x00080160                EFC1_Handler
                0x00080160                PIOB_Handler
                0x00080160                RTC_Handler
                0x00080160                UsageFault_Handler
                0x00080160                TC6_Handler
                0x00080160                WDT_Handler
                0x00080160                CAN0_Handler
                0x00080160                TC4_Handler
                0x00080160                TC1_Handler
                0x00080160                HSMCI_Handler
                0x00080160                TC3_Handler
                0x00080160                Dummy_Handler
                0x00080160                TWI0_Handler
                0x00080160                USART1_Handler
                0x00080160                PIOA_Handler
                0x00080160                SSC_Handler
                0x00080160                EFC0_Handler
                0x00080160                PMC_Handler
                0x00080160                PWM_Handler
                0x00080160                CAN1_Handler
                0x00080160                MemManage_Handler
                0x00080160                SUPC_Handler
                0x00080160                SVC_Handler
                0x00080160                TC8_Handler
                0x00080160                USART2_Handler
                0x00080160                PIOD_Handler
                0x00080160                EMAC_Handler
                0x00080160                PIOC_Handler
                0x00080160                BusFault_Handler
                0x00080160                RSTC_Handler
                0x00080160                TC0_Handler
                0x00080160                TC5_Handler
                0x00080160                UOTGHS_Handler
                0x00080160                SPI0_Handler
 *fill*         0x00080162        0x2 
 .text.Reset_Handler
                0x00080164       0x88 Device_Startup/startup_sam3xa.o
                0x00080164                Reset_Handler
 .text.SystemInit
                0x000801ec       0xa4 Device_Startup/system_sam3xa.o
                0x000801ec                SystemInit
 .text.main     0x00080290       0x3c main.o
                0x00080290                main
 .text.uart0_init
                0x000802cc       0x58 uart0.o
                0x000802cc                uart0_init
 .text.UART_Handler
                0x00080324       0x14 uart0.o
                0x00080324                UART_Handler
 .text.__libc_init_array
                0x00080338       0x50 d:/program files (x86)/atmel/studio/7.0/toolchain/arm/arm-gnu-toolchain/bin/../lib/gcc/arm-none-eabi/6.2.1/../../../../arm-none-eabi/lib/thumb/v7-m\libc.a(lib_a-init.o)
                0x00080338                __libc_init_array
 .text.startup.register_fini
                0x00080388       0x14 d:/program files (x86)/atmel/studio/7.0/toolchain/arm/arm-gnu-toolchain/bin/../lib/gcc/arm-none-eabi/6.2.1/../../../../arm-none-eabi/lib/thumb/v7-m\libc.a(lib_a-__call_atexit.o)
 .text.atexit   0x0008039c        0xc d:/program files (x86)/atmel/studio/7.0/toolchain/arm/arm-gnu-toolchain/bin/../lib/gcc/arm-none-eabi/6.2.1/../../../../arm-none-eabi/lib/thumb/v7-m\libc.a(lib_a-atexit.o)
                0x0008039c                atexit
 .text.__libc_fini_array
                0x000803a8       0x34 d:/program files (x86)/atmel/studio/7.0/toolchain/arm/arm-gnu-toolchain/bin/../lib/gcc/arm-none-eabi/6.2.1/../../../../arm-none-eabi/lib/thumb/v7-m\libc.a(lib_a-fini.o)
                0x000803a8                __libc_fini_array
 .text.__register_exitproc
                0x000803dc       0xac d:/program files (x86)/atmel/studio/7.0/toolchain/arm/arm-gnu-toolchain/bin/../lib/gcc/arm-none-eabi/6.2.1/../../../../arm-none-eabi/lib/thumb/v7-m\libc.a(lib_a-__atexit.o)
                0x000803dc                __register_exitproc
 *(.glue_7t)
 .glue_7t       0x00080488        0x0 linker stubs
 *(.glue_7)
 .glue_7        0x00080488        0x0 linker stubs
 *(.rodata .rodata* .gnu.linkonce.r.*)
 .rodata._global_impure_ptr
                0x00080488        0x4 d:/program files (x86)/atmel/studio/7.0/toolchain/arm/arm-gnu-toolchain/bin/../lib/gcc/arm-none-eabi/6.2.1/../../../../arm-none-eabi/lib/thumb/v7-m\libc.a(lib_a-impure.o)
                0x00080488                _global_impure_ptr
 *(.ARM.extab* .gnu.linkonce.armextab.*)
                0x0008048c                . = ALIGN (0x4)
 *(.init)
 .init          0x0008048c        0x4 d:/program files (x86)/atmel/studio/7.0/toolchain/arm/arm-gnu-toolchain/bin/../lib/gcc/arm-none-eabi/6.2.1/thumb/v7-m/crti.o
                0x0008048c                _init
 .init          0x00080490        0x8 d:/program files (x86)/atmel/studio/7.0/toolchain/arm/arm-gnu-toolchain/bin/../lib/gcc/arm-none-eabi/6.2.1/thumb/v7-m/crtn.o
                0x00080498                . = ALIGN (0x4)
                0x00080498                __preinit_array_start = .
 *(.preinit_array)
                0x00080498                __preinit_array_end = .
                0x00080498                . = ALIGN (0x4)
                0x00080498                __init_array_start = .
 *(SORT(.init_array.*))
 .init_array.00000
                0x00080498        0x4 d:/program files (x86)/atmel/studio/7.0/toolchain/arm/arm-gnu-toolchain/bin/../lib/gcc/arm-none-eabi/6.2.1/../../../../arm-none-eabi/lib/thumb/v7-m\libc.a(lib_a-__call_atexit.o)
 *(.init_array)
 .init_array    0x0008049c        0x4 d:/program files (x86)/atmel/studio/7.0/toolchain/arm/arm-gnu-toolchain/bin/../lib/gcc/arm-none-eabi/6.2.1/thumb/v7-m/crtbegin.o
                0x000804a0                __init_array_end = .
                0x000804a0                . = ALIGN (0x4)
 *crtbegin.o(.ctors)
 *(EXCLUDE_FILE(*crtend.o) .ctors)
 *(SORT(.ctors.*))
 *crtend.o(.ctors)
                0x000804a0                . = ALIGN (0x4)
 *(.fini)
 .fini          0x000804a0        0x4 d:/program files (x86)/atmel/studio/7.0/toolchain/arm/arm-gnu-toolchain/bin/../lib/gcc/arm-none-eabi/6.2.1/thumb/v7-m/crti.o
                0x000804a0                _fini
 .fini          0x000804a4        0x8 d:/program files (x86)/atmel/studio/7.0/toolchain/arm/arm-gnu-toolchain/bin/../lib/gcc/arm-none-eabi/6.2.1/thumb/v7-m/crtn.o
                0x000804ac                . = ALIGN (0x4)
                0x000804ac                __fini_array_start = .
 *(.fini_array)
 .fini_array    0x000804ac        0x4 d:/program files (x86)/atmel/studio/7.0/toolchain/arm/arm-gnu-toolchain/bin/../lib/gcc/arm-none-eabi/6.2.1/thumb/v7-m/crtbegin.o
 *(SORT(.fini_array.*))
                0x000804b0                __fini_array_end = .
 *crtbegin.o(.dtors)
 *(EXCLUDE_FILE(*crtend.o) .dtors)
 *(SORT(.dtors.*))
 *crtend.o(.dtors)
                0x000804b0                . = ALIGN (0x4)
                0x000804b0                _efixed = .
                [!provide]                PROVIDE (__exidx_start, .)

.vfp11_veneer   0x000804b0        0x0
 .vfp11_veneer  0x000804b0        0x0 linker stubs

.v4_bx          0x000804b0        0x0
 .v4_bx         0x000804b0        0x0 linker stubs

.iplt           0x000804b0        0x0
 .iplt          0x000804b0        0x0 d:/program files (x86)/atmel/studio/7.0/toolchain/arm/arm-gnu-toolchain/bin/../lib/gcc/arm-none-eabi/6.2.1/thumb/v7-m/crtbegin.o

.eh_frame       0x000804b0        0x0
 .eh_frame      0x000804b0        0x0 d:/program files (x86)/atmel/studio/7.0/toolchain/arm/arm-gnu-toolchain/bin/../lib/gcc/arm-none-eabi/6.2.1/thumb/v7-m/crtbegin.o

.rel.dyn        0x000804b0        0x0
 .rel.iplt      0x000804b0        0x0 d:/program files (x86)/atmel/studio/7.0/toolchain/arm/arm-gnu-toolchain/bin/../lib/gcc/arm-none-eabi/6.2.1/thumb/v7-m/crtbegin.o

.jcr            0x000804b0        0x0
 .jcr           0x000804b0        0x0 d:/program files (x86)/atmel/studio/7.0/toolchain/arm/arm-gnu-toolchain/bin/../lib/gcc/arm-none-eabi/6.2.1/thumb/v7-m/crtbegin.o

.igot.plt       0x000804b0        0x0
 .igot.plt      0x000804b0        0x0 d:/program files (x86)/atmel/studio/7.0/toolchain/arm/arm-gnu-toolchain/bin/../lib/gcc/arm-none-eabi/6.2.1/thumb/v7-m/crtbegin.o

.ARM.exidx
 *(.ARM.exidx* .gnu.linkonce.armexidx.*)
                [!provide]                PROVIDE (__exidx_end, .)
                0x000804b0                . = ALIGN (0x4)
                0x000804b0                _etext = .

.relocate       0x20000000      0x430 load address 0x000804b0
                0x20000000                . = ALIGN (0x4)
                0x20000000                _srelocate = .
 *(.ramfunc .ramfunc.*)
 *(.data .data.*)
 .data          0x20000000        0x4 Device_Startup/system_sam3xa.o
                0x20000000                SystemCoreClock
 *fill*         0x20000004        0x4 
 .data.impure_data
                0x20000008      0x428 d:/program files (x86)/atmel/studio/7.0/toolchain/arm/arm-gnu-toolchain/bin/../lib/gcc/arm-none-eabi/6.2.1/../../../../arm-none-eabi/lib/thumb/v7-m\libc.a(lib_a-impure.o)
                0x20000430                . = ALIGN (0x4)
                0x20000430                _erelocate = .

.bss            0x20000430       0x1c load address 0x000808e0
                0x20000430                . = ALIGN (0x4)
                0x20000430                _sbss = .
                0x20000430                _szero = .
 *(.bss .bss.*)
 .bss           0x20000430       0x1c d:/program files (x86)/atmel/studio/7.0/toolchain/arm/arm-gnu-toolchain/bin/../lib/gcc/arm-none-eabi/6.2.1/thumb/v7-m/crtbegin.o
 *(COMMON)
                0x2000044c                . = ALIGN (0x4)
                0x2000044c                _ebss = .
                0x2000044c                _ezero = .

.stack          0x2000044c      0x404 load address 0x000808fc
                0x20000450                . = ALIGN (0x8)
 *fill*         0x2000044c        0x4 
                0x20000450                _sstack = .
                0x20000850                . = (. + STACK_SIZE)
 *fill*         0x20000450      0x400 
                0x20000850                . = ALIGN (0x8)
                0x20000850                _estack = .

.heap           0x20000850      0x200 load address 0x00080d00
                0x20000850                . = ALIGN (0x8)
                0x20000850                _sheap = .
                0x20000a50                . = (. + HEAP_SIZE)
 *fill*         0x20000850      0x200 
                0x20000a50                . = ALIGN (0x8)
                0x20000a50                _eheap = .
                0x20000a50                . = ALIGN (0x4)
                0x20000a50                _end = .
                0x20017fff                _ram_end_ = ((ORIGIN (ram) + LENGTH (ram)) - 0x1)
OUTPUT(Drone.elf elf32-littlearm)

.ARM.attributes
                0x00000000       0x29
 .ARM.attributes
                0x00000000       0x1d d:/program files (x86)/atmel/studio/7.0/toolchain/arm/arm-gnu-toolchain/bin/../lib/gcc/arm-none-eabi/6.2.1/thumb/v7-m/crti.o
 .ARM.attributes
                0x0000001d       0x2d d:/program files (x86)/atmel/studio/7.0/toolchain/arm/arm-gnu-toolchain/bin/../lib/gcc/arm-none-eabi/6.2.1/thumb/v7-m/crtbegin.o
 .ARM.attributes
                0x0000004a       0x33 Device_Startup/startup_sam3xa.o
 .ARM.attributes
                0x0000007d       0x33 Device_Startup/system_sam3xa.o
 .ARM.attributes
                0x000000b0       0x33 main.o
 .ARM.attributes
                0x000000e3       0x33 uart0.o
 .ARM.attributes
                0x00000116       0x2d d:/program files (x86)/atmel/studio/7.0/toolchain/arm/arm-gnu-toolchain/bin/../lib/gcc/arm-none-eabi/6.2.1/../../../../arm-none-eabi/lib/thumb/v7-m\libc.a(lib_a-impure.o)
 .ARM.attributes
                0x00000143       0x2d d:/program files (x86)/atmel/studio/7.0/toolchain/arm/arm-gnu-toolchain/bin/../lib/gcc/arm-none-eabi/6.2.1/../../../../arm-none-eabi/lib/thumb/v7-m\libc.a(lib_a-init.o)
 .ARM.attributes
                0x00000170       0x2d d:/program files (x86)/atmel/studio/7.0/toolchain/arm/arm-gnu-toolchain/bin/../lib/gcc/arm-none-eabi/6.2.1/../../../../arm-none-eabi/lib/thumb/v7-m\libc.a(lib_a-__call_atexit.o)
 .ARM.attributes
                0x0000019d       0x2d d:/program files (x86)/atmel/studio/7.0/toolchain/arm/arm-gnu-toolchain/bin/../lib/gcc/arm-none-eabi/6.2.1/../../../../arm-none-eabi/lib/thumb/v7-m\libc.a(lib_a-atexit.o)
 .ARM.attributes
                0x000001ca       0x2d d:/program files (x86)/atmel/studio/7.0/toolchain/arm/arm-gnu-toolchain/bin/../lib/gcc/arm-none-eabi/6.2.1/../../../../arm-none-eabi/lib/thumb/v7-m\libc.a(lib_a-fini.o)
 .ARM.attributes
                0x000001f7       0x2d d:/program files (x86)/atmel/studio/7.0/toolchain/arm/arm-gnu-toolchain/bin/../lib/gcc/arm-none-eabi/6.2.1/../../../../arm-none-eabi/lib/thumb/v7-m\libc.a(lib_a-__atexit.o)
 .ARM.attributes
                0x00000224       0x1d d:/program files (x86)/atmel/studio/7.0/toolchain/arm/arm-gnu-toolchain/bin/../lib/gcc/arm-none-eabi/6.2.1/thumb/v7-m/crtn.o

.comment        0x00000000       0x59
 .comment       0x00000000       0x59 Device_Startup/startup_sam3xa.o
                                 0x5a (size before relaxing)
 .comment       0x00000059       0x5a Device_Startup/system_sam3xa.o
 .comment       0x00000059       0x5a main.o
 .comment       0x00000059       0x5a uart0.o

.debug_info     0x00000000     0x1c38
 .debug_info    0x00000000      0x74e Device_Startup/startup_sam3xa.o
 .debug_info    0x0000074e      0x444 Device_Startup/system_sam3xa.o
 .debug_info    0x00000b92      0x561 main.o
 .debug_info    0x000010f3      0xb45 uart0.o

.debug_abbrev   0x00000000      0x564
 .debug_abbrev  0x00000000      0x153 Device_Startup/startup_sam3xa.o
 .debug_abbrev  0x00000153      0x102 Device_Startup/system_sam3xa.o
 .debug_abbrev  0x00000255      0x168 main.o
 .debug_abbrev  0x000003bd      0x1a7 uart0.o

.debug_loc      0x00000000      0x12c
 .debug_loc     0x00000000       0x6b Device_Startup/startup_sam3xa.o
 .debug_loc     0x0000006b       0x3f main.o
 .debug_loc     0x000000aa       0x82 uart0.o

.debug_aranges  0x00000000       0xb8
 .debug_aranges
                0x00000000       0x28 Device_Startup/startup_sam3xa.o
 .debug_aranges
                0x00000028       0x30 Device_Startup/system_sam3xa.o
 .debug_aranges
                0x00000058       0x30 main.o
 .debug_aranges
                0x00000088       0x30 uart0.o

.debug_ranges   0x00000000       0x78
 .debug_ranges  0x00000000       0x18 Device_Startup/startup_sam3xa.o
 .debug_ranges  0x00000018       0x20 Device_Startup/system_sam3xa.o
 .debug_ranges  0x00000038       0x20 main.o
 .debug_ranges  0x00000058       0x20 uart0.o

.debug_macro    0x00000000    0x1017a
 .debug_macro   0x00000000      0x353 Device_Startup/startup_sam3xa.o
 .debug_macro   0x00000353      0x8aa Device_Startup/startup_sam3xa.o
 .debug_macro   0x00000bfd       0x22 Device_Startup/startup_sam3xa.o
 .debug_macro   0x00000c1f       0x87 Device_Startup/startup_sam3xa.o
 .debug_macro   0x00000ca6       0x51 Device_Startup/startup_sam3xa.o
 .debug_macro   0x00000cf7       0xef Device_Startup/startup_sam3xa.o
 .debug_macro   0x00000de6       0x6a Device_Startup/startup_sam3xa.o
 .debug_macro   0x00000e50      0x1df Device_Startup/startup_sam3xa.o
 .debug_macro   0x0000102f       0x20 Device_Startup/startup_sam3xa.o
 .debug_macro   0x0000104f       0x3a Device_Startup/startup_sam3xa.o
 .debug_macro   0x00001089       0x2d Device_Startup/startup_sam3xa.o
 .debug_macro   0x000010b6      0xbb1 Device_Startup/startup_sam3xa.o
 .debug_macro   0x00001c67      0xa7d Device_Startup/startup_sam3xa.o
 .debug_macro   0x000026e4      0x55a Device_Startup/startup_sam3xa.o
 .debug_macro   0x00002c3e      0x1a8 Device_Startup/startup_sam3xa.o
 .debug_macro   0x00002de6      0x30b Device_Startup/startup_sam3xa.o
 .debug_macro   0x000030f1      0x709 Device_Startup/startup_sam3xa.o
 .debug_macro   0x000037fa       0xd6 Device_Startup/startup_sam3xa.o
 .debug_macro   0x000038d0      0x56c Device_Startup/startup_sam3xa.o
 .debug_macro   0x00003e3c       0x1c Device_Startup/startup_sam3xa.o
 .debug_macro   0x00003e58      0x678 Device_Startup/startup_sam3xa.o
 .debug_macro   0x000044d0      0x51e Device_Startup/startup_sam3xa.o
 .debug_macro   0x000049ee       0xbe Device_Startup/startup_sam3xa.o
 .debug_macro   0x00004aac     0x2333 Device_Startup/startup_sam3xa.o
 .debug_macro   0x00006ddf      0x7d1 Device_Startup/startup_sam3xa.o
 .debug_macro   0x000075b0      0xdbb Device_Startup/startup_sam3xa.o
 .debug_macro   0x0000836b       0x9a Device_Startup/startup_sam3xa.o
 .debug_macro   0x00008405      0x29c Device_Startup/startup_sam3xa.o
 .debug_macro   0x000086a1       0x58 Device_Startup/startup_sam3xa.o
 .debug_macro   0x000086f9      0x999 Device_Startup/startup_sam3xa.o
 .debug_macro   0x00009092      0x22d Device_Startup/startup_sam3xa.o
 .debug_macro   0x000092bf      0x4b4 Device_Startup/startup_sam3xa.o
 .debug_macro   0x00009773      0x64a Device_Startup/startup_sam3xa.o
 .debug_macro   0x00009dbd      0x590 Device_Startup/startup_sam3xa.o
 .debug_macro   0x0000a34d       0x46 Device_Startup/startup_sam3xa.o
 .debug_macro   0x0000a393      0x33f Device_Startup/startup_sam3xa.o
 .debug_macro   0x0000a6d2      0x27e Device_Startup/startup_sam3xa.o
 .debug_macro   0x0000a950     0x14dc Device_Startup/startup_sam3xa.o
 .debug_macro   0x0000be2c      0x7cf Device_Startup/startup_sam3xa.o
 .debug_macro   0x0000c5fb       0x76 Device_Startup/startup_sam3xa.o
 .debug_macro   0x0000c671       0x82 Device_Startup/startup_sam3xa.o
 .debug_macro   0x0000c6f3       0x76 Device_Startup/startup_sam3xa.o
 .debug_macro   0x0000c769       0x4c Device_Startup/startup_sam3xa.o
 .debug_macro   0x0000c7b5      0x100 Device_Startup/startup_sam3xa.o
 .debug_macro   0x0000c8b5      0x100 Device_Startup/startup_sam3xa.o
 .debug_macro   0x0000c9b5      0x100 Device_Startup/startup_sam3xa.o
 .debug_macro   0x0000cab5       0x88 Device_Startup/startup_sam3xa.o
 .debug_macro   0x0000cb3d       0x88 Device_Startup/startup_sam3xa.o
 .debug_macro   0x0000cbc5      0x3b4 Device_Startup/startup_sam3xa.o
 .debug_macro   0x0000cf79       0xbe Device_Startup/startup_sam3xa.o
 .debug_macro   0x0000d037       0xbe Device_Startup/startup_sam3xa.o
 .debug_macro   0x0000d0f5       0xbe Device_Startup/startup_sam3xa.o
 .debug_macro   0x0000d1b3       0xbe Device_Startup/startup_sam3xa.o
 .debug_macro   0x0000d271      0x2b8 Device_Startup/startup_sam3xa.o
 .debug_macro   0x0000d529      0x118 Device_Startup/startup_sam3xa.o
 .debug_macro   0x0000d641      0x216 Device_Startup/startup_sam3xa.o
 .debug_macro   0x0000d857      0x216 Device_Startup/startup_sam3xa.o
 .debug_macro   0x0000da6d       0x2e Device_Startup/startup_sam3xa.o
 .debug_macro   0x0000da9b       0xac Device_Startup/startup_sam3xa.o
 .debug_macro   0x0000db47      0x13e Device_Startup/startup_sam3xa.o
 .debug_macro   0x0000dc85       0x7c Device_Startup/startup_sam3xa.o
 .debug_macro   0x0000dd01      0x1f6 Device_Startup/startup_sam3xa.o
 .debug_macro   0x0000def7       0x64 Device_Startup/startup_sam3xa.o
 .debug_macro   0x0000df5b       0xa6 Device_Startup/startup_sam3xa.o
 .debug_macro   0x0000e001       0x7c Device_Startup/startup_sam3xa.o
 .debug_macro   0x0000e07d       0x16 Device_Startup/startup_sam3xa.o
 .debug_macro   0x0000e093       0x22 Device_Startup/startup_sam3xa.o
 .debug_macro   0x0000e0b5       0x22 Device_Startup/startup_sam3xa.o
 .debug_macro   0x0000e0d7      0x10c Device_Startup/startup_sam3xa.o
 .debug_macro   0x0000e1e3      0x10c Device_Startup/startup_sam3xa.o
 .debug_macro   0x0000e2ef      0x10c Device_Startup/startup_sam3xa.o
 .debug_macro   0x0000e3fb      0x10c Device_Startup/startup_sam3xa.o
 .debug_macro   0x0000e507       0x1c Device_Startup/startup_sam3xa.o
 .debug_macro   0x0000e523       0x2e Device_Startup/startup_sam3xa.o
 .debug_macro   0x0000e551       0x22 Device_Startup/startup_sam3xa.o
 .debug_macro   0x0000e573       0x1c Device_Startup/startup_sam3xa.o
 .debug_macro   0x0000e58f       0x58 Device_Startup/startup_sam3xa.o
 .debug_macro   0x0000e5e7       0x10 Device_Startup/startup_sam3xa.o
 .debug_macro   0x0000e5f7      0x27a Device_Startup/startup_sam3xa.o
 .debug_macro   0x0000e871      0xd34 Device_Startup/startup_sam3xa.o
 .debug_macro   0x0000f5a5      0x170 Device_Startup/startup_sam3xa.o
 .debug_macro   0x0000f715      0x365 Device_Startup/system_sam3xa.o
 .debug_macro   0x0000fa7a      0x378 main.o
 .debug_macro   0x0000fdf2       0x22 main.o
 .debug_macro   0x0000fe14      0x366 uart0.o

.debug_line     0x00000000     0x1ca3
 .debug_line    0x00000000      0x6fe Device_Startup/startup_sam3xa.o
 .debug_line    0x000006fe      0x774 Device_Startup/system_sam3xa.o
 .debug_line    0x00000e72      0x71a main.o
 .debug_line    0x0000158c      0x717 uart0.o

.debug_str      0x00000000    0x4f1f3
 .debug_str     0x00000000    0x4e8f1 Device_Startup/startup_sam3xa.o
                              0x4eaae (size before relaxing)
 .debug_str     0x0004e8f1      0x2c7 Device_Startup/system_sam3xa.o
                              0x4e841 (size before relaxing)
 .debug_str     0x0004ebb8      0x2c5 main.o
                              0x4e896 (size before relaxing)
 .debug_str     0x0004ee7d      0x376 uart0.o
                              0x4ec59 (size before relaxing)

.debug_frame    0x00000000      0x210
 .debug_frame   0x00000000       0x38 Device_Startup/startup_sam3xa.o
 .debug_frame   0x00000038       0x40 Device_Startup/system_sam3xa.o
 .debug_frame   0x00000078       0x48 main.o
 .debug_frame   0x000000c0       0x4c uart0.o
 .debug_frame   0x0000010c       0x2c d:/program files (x86)/atmel/studio/7.0/toolchain/arm/arm-gnu-toolchain/bin/../lib/gcc/arm-none-eabi/6.2.1/../../../../arm-none-eabi/lib/thumb/v7-m\libc.a(lib_a-init.o)
 .debug_frame   0x00000138       0x50 d:/program files (x86)/atmel/studio/7.0/toolchain/arm/arm-gnu-toolchain/bin/../lib/gcc/arm-none-eabi/6.2.1/../../../../arm-none-eabi/lib/thumb/v7-m\libc.a(lib_a-__call_atexit.o)
 .debug_frame   0x00000188       0x20 d:/program files (x86)/atmel/studio/7.0/toolchain/arm/arm-gnu-toolchain/bin/../lib/gcc/arm-none-eabi/6.2.1/../../../../arm-none-eabi/lib/thumb/v7-m\libc.a(lib_a-atexit.o)
 .debug_frame   0x000001a8       0x34 d:/program files (x86)/atmel/studio/7.0/toolchain/arm/arm-gnu-toolchain/bin/../lib/gcc/arm-none-eabi/6.2.1/../../../../arm-none-eabi/lib/thumb/v7-m\libc.a(lib_a-fini.o)
 .debug_frame   0x000001dc       0x34 d:/program files (x86)/atmel/studio/7.0/toolchain/arm/arm-gnu-toolchain/bin/../lib/gcc/arm-none-eabi/6.2.1/../../../../arm-none-eabi/lib/thumb/v7-m\libc.a(lib_a-__atexit.o)
